
> neuro-nexus@0.0.0 build
> vite build

[36mvite v8.0.8 [32mbuilding client environment for production...[36m[39m
[2K
transforming...Γ£ô 1723 modules transformed.
cmd : [31mΓ£ù[39m Build failed in 948ms
At line:1 char:1
+ cmd /c npm run build > build_output.txt 2>&1
+ ~~~~~~~~~~~~~~~~~~~~~~~~~~~~~~~~~~~~~~~~~~~~
    + CategoryInfo          : NotSpecified: ([31mΓ£ù[39m Build failed in 948ms:String) [], RemoteException
    + FullyQualifiedErrorId : NativeCommandError
 
[31merror during build:
[31mBuild failed with 1 error:

[plugin vite:css] C:/Users/Dell/Desktop/NEURO-NEXUS/src/index.css
Failed to load PostCSS config: Failed to load PostCSS config (searchPath: C:/Users/Dell/Desktop/NEURO-NEXUS): [Error] 
Loading PostCSS Plugin failed: Cannot find module '@tailwindcss/postcss'
Require stack:
- C:\Users\Dell\Desktop\NEURO-NEXUS\postcss.config.js

(@C:\Users\Dell\Desktop\NEURO-NEXUS\postcss.config.js)
Error: Loading PostCSS Plugin failed: Cannot find module '@tailwindcss/postcss'
Require stack:
- C:\Users\Dell\Desktop\NEURO-NEXUS\postcss.config.js

(@C:\Users\Dell\Desktop\NEURO-NEXUS\postcss.config.js)
    at load (file:///C:/Users/Dell/Desktop/NEURO-NEXUS/node_modules/vite/dist/node/chunks/node.js:19614:10)
    at async Promise.all (index 0)
    at async plugins (file:///C:/Users/Dell/Desktop/NEURO-NEXUS/node_modules/vite/dist/node/chunks/node.js:19636:11)
    at async processResult 
(file:///C:/Users/Dell/Desktop/NEURO-NEXUS/node_modules/vite/dist/node/chunks/node.js:19674:13)[31m
    at aggregateBindingErrorsIntoJsError 
(file:///C:/Users/Dell/Desktop/NEURO-NEXUS/node_modules/rolldown/dist/shared/error-w0u7biK-.mjs:48:18)
    at unwrapBindingResult 
(file:///C:/Users/Dell/Desktop/NEURO-NEXUS/node_modules/rolldown/dist/shared/error-w0u7biK-.mjs:18:128)
    at #build 
(file:///C:/Users/Dell/Desktop/NEURO-NEXUS/node_modules/rolldown/dist/shared/rolldown-build-DtGk-m96.mjs:3313:34)
    at async buildEnvironment 
(file:///C:/Users/Dell/Desktop/NEURO-NEXUS/node_modules/vite/dist/node/chunks/node.js:32954:64)
    at async Object.build 
(file:///C:/Users/Dell/Desktop/NEURO-NEXUS/node_modules/vite/dist/node/chunks/node.js:33376:19)
    at async Object.buildApp 
(file:///C:/Users/Dell/Desktop/NEURO-NEXUS/node_modules/vite/dist/node/chunks/node.js:33373:153)
    at async CAC.<anonymous> (file:///C:/Users/Dell/Desktop/NEURO-NEXUS/node_modules/vite/dist/node/cli.js:778:3) {
  errors: [Getter/Setter]
}[39m
